src/actions/admin.ts(198,5): error TS2322: Type '{ name: string; currency: string; }' is not assignable to type '(Without<ChainCreateInput, ChainUncheckedCreateInput> & ChainUncheckedCreateInput) | (Without<...> & ChainCreateInput)'.
  Type '{ name: string; currency: string; }' is not assignable to type 'Without<ChainCreateInput, ChainUncheckedCreateInput> & ChainUncheckedCreateInput'.
    Property 'createdBy' is missing in type '{ name: string; currency: string; }' but required in type 'ChainUncheckedCreateInput'.
src/actions/chain.ts(132,7): error TS2322: Type '"diningTableId"[]' is not assignable to type 'DiningSessionTableScalarFieldEnum | DiningSessionTableScalarFieldEnum[]'.
  Type '"diningTableId"[]' is not assignable to type 'DiningSessionTableScalarFieldEnum[]'.
    Type '"diningTableId"' is not assignable to type 'DiningSessionTableScalarFieldEnum'.
src/actions/chain.ts(134,9): error TS2353: Object literal may only specify known properties, and 'diningTableId' does not exist in type 'DiningSessionTableWhereInput'.
src/actions/chain.ts(140,29): error TS2339: Property 'diningTableId' does not exist on type 'PickEnumerable<DiningSessionTableGroupByOutputType, DiningSessionTableScalarFieldEnum | DiningSessionTableScalarFieldEnum[]> & { ...; }'.
src/actions/chain.ts(140,44): error TS18048: 'c._count' is possibly 'undefined'.
src/actions/chain.ts(140,53): error TS2339: Property '_all' does not exist on type 'true | { id?: number | undefined; diningSessionId?: number | undefined; tableId?: number | undefined; joinedAt?: number | undefined; leftAt?: number | undefined; _all?: number | undefined; }'.
  Property '_all' does not exist on type 'true'.
src/actions/chain.ts(244,7): error TS2322: Type '"diningTableId"[]' is not assignable to type 'DiningSessionTableScalarFieldEnum | DiningSessionTableScalarFieldEnum[]'.
  Type '"diningTableId"[]' is not assignable to type 'DiningSessionTableScalarFieldEnum[]'.
    Type '"diningTableId"' is not assignable to type 'DiningSessionTableScalarFieldEnum'.
src/actions/chain.ts(246,9): error TS2353: Object literal may only specify known properties, and 'diningTableId' does not exist in type 'DiningSessionTableWhereInput'.
src/actions/chain.ts(252,29): error TS2339: Property 'diningTableId' does not exist on type 'PickEnumerable<DiningSessionTableGroupByOutputType, DiningSessionTableScalarFieldEnum | DiningSessionTableScalarFieldEnum[]> & { ...; }'.
src/actions/chain.ts(252,44): error TS18048: 'c._count' is possibly 'undefined'.
src/actions/chain.ts(252,53): error TS2339: Property '_all' does not exist on type 'true | { id?: number | undefined; diningSessionId?: number | undefined; tableId?: number | undefined; joinedAt?: number | undefined; leftAt?: number | undefined; _all?: number | undefined; }'.
  Property '_all' does not exist on type 'true'.
src/actions/comensal.ts(62,9): error TS2322: Type '{ menuItemId: string; quantity: number; variantNameSnapshot: string | null; itemNameSnapshot: string | null; stationNameSnapshot: null; unitPriceCents: number; subtotalCents: number; taxAmountCents: number; totalCents: number; taxRateBpsSnapshot: number; guestId: string; }[]' is not assignable to type '(Without<OrderItemCreateWithoutOrderInput, OrderItemUncheckedCreateWithoutOrderInput> & OrderItemUncheckedCreateWithoutOrderInput) | (Without<...> & OrderItemCreateWithoutOrderInput) | OrderItemCreateWithoutOrderInput[] | OrderItemUncheckedCreateWithoutOrderInput[] | undefined'.
  Type '{ menuItemId: string; quantity: number; variantNameSnapshot: string | null; itemNameSnapshot: string | null; stationNameSnapshot: null; unitPriceCents: number; subtotalCents: number; taxAmountCents: number; totalCents: number; taxRateBpsSnapshot: number; guestId: string; }[]' is not assignable to type 'OrderItemCreateWithoutOrderInput[]'.
    Type '{ menuItemId: string; quantity: number; variantNameSnapshot: string | null; itemNameSnapshot: string | null; stationNameSnapshot: null; unitPriceCents: number; subtotalCents: number; taxAmountCents: number; totalCents: number; taxRateBpsSnapshot: number; guestId: string; }' is not assignable to type 'OrderItemCreateWithoutOrderInput'.
      Types of property 'itemNameSnapshot' are incompatible.
        Type 'string | null' is not assignable to type 'string'.
          Type 'null' is not assignable to type 'string'.
src/actions/comensal.ts(97,9): error TS2353: Object literal may only specify known properties, and 'diningSessionTables' does not exist in type 'DiningSessionWhereInput'.
src/actions/comensal.ts(127,7): error TS2353: Object literal may only specify known properties, and 'diningSessionTables' does not exist in type 'DiningSessionWhereInput'.
src/actions/comensal.ts(139,9): error TS2353: Object literal may only specify known properties, and 'diningSessionTables' does not exist in type 'DiningSessionWhereInput'.
src/actions/comensal.ts(151,56): error TS2339: Property 'guests' does not exist on type '{ id: string; updatedAt: Date; restaurantId: string; status: string; closedAt: Date | null; joinCode: string; openedByUserId: string; closedByUserId: string | null; accessCodeHash: string; ... 5 more ...; settledAt: Date | null; }'.
src/actions/comensal.ts(151,67): error TS7006: Parameter 'g' implicitly has an 'any' type.
src/actions/comensal.ts(164,45): error TS2339: Property 'guests' does not exist on type '{ id: string; updatedAt: Date; restaurantId: string; status: string; closedAt: Date | null; joinCode: string; openedByUserId: string; closedByUserId: string | null; accessCodeHash: string; ... 5 more ...; settledAt: Date | null; }'.
src/actions/comensal.ts(164,56): error TS7006: Parameter 'g' implicitly has an 'any' type.
src/actions/comensal.ts(175,11): error TS2322: Type 'string | null' is not assignable to type 'string'.
  Type 'null' is not assignable to type 'string'.
src/actions/comensal.ts(184,31): error TS2339: Property 'guests' does not exist on type '{ id: string; updatedAt: Date; restaurantId: string; status: string; closedAt: Date | null; joinCode: string; openedByUserId: string; closedByUserId: string | null; accessCodeHash: string; ... 5 more ...; settledAt: Date | null; }'.
src/actions/comensal.ts(184,43): error TS7006: Parameter 'g' implicitly has an 'any' type.
src/actions/comensal.ts(187,45): error TS2339: Property 'guests' does not exist on type '{ id: string; updatedAt: Date; restaurantId: string; status: string; closedAt: Date | null; joinCode: string; openedByUserId: string; closedByUserId: string | null; accessCodeHash: string; ... 5 more ...; settledAt: Date | null; }'.
src/actions/comensal.ts(237,9): error TS2353: Object literal may only specify known properties, and 'diningSessionTables' does not exist in type 'DiningSessionWhereInput'.
src/actions/comensal.ts(253,9): error TS2353: Object literal may only specify known properties, and 'diningSessionTables' does not exist in type 'DiningSessionWhereInput'.
src/actions/comensal.ts(266,11): error TS2353: Object literal may only specify known properties, and 'diningSessionTables' does not exist in type 'Without<DiningSessionCreateInput, DiningSessionUncheckedCreateInput> & DiningSessionUncheckedCreateInput'.
src/actions/comensal.ts(334,7): error TS2353: Object literal may only specify known properties, and 'diningSessionTables' does not exist in type 'DiningSessionWhereInput'.
src/actions/comensal.ts(410,9): error TS2353: Object literal may only specify known properties, and 'diningSessionTables' does not exist in type 'DiningSessionWhereInput'.
src/actions/comensal.ts(420,9): error TS2353: Object literal may only specify known properties, and 'diningSessionTables' does not exist in type 'DiningSessionWhereInput'.
src/actions/comensal.ts(490,7): error TS2353: Object literal may only specify known properties, and 'diningSessionTables' does not exist in type 'DiningSessionWhereInput'.
src/actions/comensal.ts(499,53): error TS2339: Property 'guests' does not exist on type '{ id: string; updatedAt: Date; restaurantId: string; status: string; closedAt: Date | null; joinCode: string; openedByUserId: string; closedByUserId: string | null; accessCodeHash: string; ... 5 more ...; settledAt: Date | null; }'.
src/actions/comensal.ts(499,64): error TS7006: Parameter 'g' implicitly has an 'any' type.
src/actions/comensal.ts(582,7): error TS2353: Object literal may only specify known properties, and 'diningSessionTables' does not exist in type 'DiningSessionWhereInput'.
src/actions/comensal.ts(589,32): error TS2339: Property 'guests' does not exist on type '{ id: string; updatedAt: Date; restaurantId: string; status: string; closedAt: Date | null; joinCode: string; openedByUserId: string; closedByUserId: string | null; accessCodeHash: string; ... 5 more ...; settledAt: Date | null; }'.
src/actions/comensal.ts(589,44): error TS7006: Parameter 'g' implicitly has an 'any' type.
src/actions/comensal.ts(590,30): error TS2339: Property 'guests' does not exist on type '{ id: string; updatedAt: Date; restaurantId: string; status: string; closedAt: Date | null; joinCode: string; openedByUserId: string; closedByUserId: string | null; accessCodeHash: string; ... 5 more ...; settledAt: Date | null; }'.
src/actions/comensal.ts(590,42): error TS7006: Parameter 'g' implicitly has an 'any' type.
src/actions/comensal.ts(614,7): error TS2353: Object literal may only specify known properties, and 'diningSessionTables' does not exist in type 'DiningSessionWhereInput'.
src/actions/comensal.ts(620,50): error TS2339: Property 'guests' does not exist on type '{ id: string; updatedAt: Date; restaurantId: string; status: string; closedAt: Date | null; joinCode: string; openedByUserId: string; closedByUserId: string | null; accessCodeHash: string; ... 5 more ...; settledAt: Date | null; }'.
src/actions/comensal.ts(620,62): error TS7006: Parameter 'g' implicitly has an 'any' type.
src/actions/comensal.ts(625,65): error TS2339: Property 'guests' does not exist on type '{ id: string; updatedAt: Date; restaurantId: string; status: string; closedAt: Date | null; joinCode: string; openedByUserId: string; closedByUserId: string | null; accessCodeHash: string; ... 5 more ...; settledAt: Date | null; }'.
src/actions/comensal.ts(625,79): error TS7006: Parameter 'g' implicitly has an 'any' type.
src/actions/comensal.ts(654,7): error TS2353: Object literal may only specify known properties, and 'diningSessionTables' does not exist in type 'DiningSessionWhereInput'.
src/actions/comensal.ts(661,49): error TS2339: Property 'guests' does not exist on type '{ id: string; updatedAt: Date; restaurantId: string; status: string; closedAt: Date | null; joinCode: string; openedByUserId: string; closedByUserId: string | null; accessCodeHash: string; ... 5 more ...; settledAt: Date | null; }'.
src/actions/comensal.ts(667,43): error TS2339: Property 'guests' does not exist on type '{ id: string; updatedAt: Date; restaurantId: string; status: string; closedAt: Date | null; joinCode: string; openedByUserId: string; closedByUserId: string | null; accessCodeHash: string; ... 5 more ...; settledAt: Date | null; }'.
src/actions/comensal.ts(718,7): error TS2353: Object literal may only specify known properties, and 'diningSessionTables' does not exist in type 'DiningSessionWhereInput'.
src/actions/reports.ts(45,38): error TS2353: Object literal may only specify known properties, and 'createdAt' does not exist in type 'DiningSessionWhereInput'.
src/actions/reports.ts(62,35): error TS2339: Property 'priceAtTime' does not exist on type '{ menuItem: { id: string; name: string; archivedAt: Date | null; createdAt: Date; updatedAt: Date; restaurantId: string; stationId: string | null; categoryId: string; ... 9 more ...; lowStockThreshold: number | null; } | null; } & { ...; }'.
src/actions/reports.ts(67,19): error TS18047: 'i.menuItem' is possibly 'null'.
src/actions/restaurant.ts(32,7): error TS2322: Type '{ name: string; welcomeMessage: string; }' is not assignable to type '(Without<RestaurantCreateInput, RestaurantUncheckedCreateInput> & RestaurantUncheckedCreateInput) | (Without<...> & RestaurantCreateInput)'.
  Type '{ name: string; welcomeMessage: string; }' is not assignable to type 'Without<RestaurantUncheckedCreateInput, RestaurantCreateInput> & RestaurantCreateInput'.
    Type '{ name: string; welcomeMessage: string; }' is missing the following properties from type 'RestaurantCreateInput': chain, currencyEntity
src/actions/restaurant.ts(67,59): error TS2353: Object literal may only specify known properties, and 'order' does not exist in type 'SettlementWhereInput'.
src/actions/waiter.ts(69,66): error TS2353: Object literal may only specify known properties, and 'qrCode' does not exist in type 'DiningTableWhereUniqueInput'.
src/actions/waiter.ts(79,13): error TS2353: Object literal may only specify known properties, and 'qrCode' does not exist in type '(Without<DiningTableUpdateInput, DiningTableUncheckedUpdateInput> & DiningTableUncheckedUpdateInput) | (Without<...> & DiningTableUpdateInput)'.
src/actions/waiter.ts(96,15): error TS2353: Object literal may only specify known properties, and 'groupId' does not exist in type 'DiningTableSelect<DefaultArgs>'.
src/actions/waiter.ts(99,19): error TS2339: Property 'groupId' does not exist on type '{ number: number; id: string; createdAt: Date; updatedAt: Date; restaurantId: string; publicCode: string; capacity: number; qrVersion: number; status: string; posX: number; posY: number; shape: string; }'.
src/actions/waiter.ts(107,14): error TS2353: Object literal may only specify known properties, and 'tableId' does not exist in type 'DiningSessionWhereInput'.
src/actions/waiter.ts(114,15): error TS2353: Object literal may only specify known properties, and 'isActive' does not exist in type '(Without<DiningSessionUpdateInput, DiningSessionUncheckedUpdateInput> & DiningSessionUncheckedUpdateInput) | (Without<...> & DiningSessionUpdateInput)'.
src/actions/waiter.ts(140,18): error TS2353: Object literal may only specify known properties, and 'isActive' does not exist in type 'DiningSessionTableWhereInput'.
src/actions/waiter.ts(144,11): error TS2353: Object literal may only specify known properties, and 'guestName' does not exist in type 'DiningSessionTableSelect<DefaultArgs>'.
src/actions/waiter.ts(173,33): error TS2339: Property 'sessions' does not exist on type '{ number: number; id: string; createdAt: Date; updatedAt: Date; restaurantId: string; publicCode: string; capacity: number; qrVersion: number; status: string; posX: number; posY: number; shape: string; }'.
src/actions/waiter.ts(174,29): error TS2339: Property 'orders' does not exist on type '{ number: number; id: string; createdAt: Date; updatedAt: Date; restaurantId: string; publicCode: string; capacity: number; qrVersion: number; status: string; posX: number; posY: number; shape: string; }'.
src/actions/waiter.ts(175,16): error TS7006: Parameter 'order' implicitly has an 'any' type.
src/actions/waiter.ts(177,10): error TS7006: Parameter 'sum' implicitly has an 'any' type.
src/actions/waiter.ts(177,15): error TS7006: Parameter 'order' implicitly has an 'any' type.
src/actions/waiter.ts(178,37): error TS7006: Parameter 'orderSum' implicitly has an 'any' type.
src/actions/waiter.ts(178,47): error TS7006: Parameter 'item' implicitly has an 'any' type.
src/actions/waiter.ts(181,33): error TS2339: Property 'orders' does not exist on type '{ number: number; id: string; createdAt: Date; updatedAt: Date; restaurantId: string; publicCode: string; capacity: number; qrVersion: number; status: string; posX: number; posY: number; shape: string; }'.
src/actions/waiter.ts(181,48): error TS7006: Parameter 'o' implicitly has an 'any' type.
src/actions/waiter.ts(182,31): error TS2339: Property 'orders' does not exist on type '{ number: number; id: string; createdAt: Date; updatedAt: Date; restaurantId: string; publicCode: string; capacity: number; qrVersion: number; status: string; posX: number; posY: number; shape: string; }'.
src/actions/waiter.ts(182,46): error TS7006: Parameter 'o' implicitly has an 'any' type.
src/actions/waiter.ts(189,22): error TS2339: Property 'groupId' does not exist on type '{ number: number; id: string; createdAt: Date; updatedAt: Date; restaurantId: string; publicCode: string; capacity: number; qrVersion: number; status: string; posX: number; posY: number; shape: string; }'.
src/actions/waiter.ts(190,21): error TS2339: Property 'qrCode' does not exist on type '{ number: number; id: string; createdAt: Date; updatedAt: Date; restaurantId: string; publicCode: string; capacity: number; qrVersion: number; status: string; posX: number; posY: number; shape: string; }'.
src/actions/waiter.ts(192,25): error TS2339: Property 'orders' does not exist on type '{ number: number; id: string; createdAt: Date; updatedAt: Date; restaurantId: string; publicCode: string; capacity: number; qrVersion: number; status: string; posX: number; posY: number; shape: string; }'.
src/actions/waiter.ts(208,18): error TS2353: Object literal may only specify known properties, and 'isActive' does not exist in type 'DiningSessionTableWhereInput'.
src/actions/waiter.ts(211,11): error TS2353: Object literal may only specify known properties, and 'orderItems' does not exist in type 'DiningSessionTableInclude<DefaultArgs>'.
src/actions/waiter.ts(231,31): error TS2339: Property 'sessions' does not exist on type '{ number: number; id: string; createdAt: Date; updatedAt: Date; restaurantId: string; publicCode: string; capacity: number; qrVersion: number; status: string; posX: number; posY: number; shape: string; }'.
src/actions/waiter.ts(237,8): error TS7006: Parameter 'sum' implicitly has an 'any' type.
src/actions/waiter.ts(237,13): error TS7006: Parameter 'item' implicitly has an 'any' type.
src/actions/waiter.ts(244,44): error TS2339: Property 'qrCode' does not exist on type '{ number: number; id: string; createdAt: Date; updatedAt: Date; restaurantId: string; publicCode: string; capacity: number; qrVersion: number; status: string; posX: number; posY: number; shape: string; }'.
src/actions/waiter.ts(245,64): error TS2339: Property 'qrCode' does not exist on type '{ number: number; id: string; createdAt: Date; updatedAt: Date; restaurantId: string; publicCode: string; capacity: number; qrVersion: number; status: string; posX: number; posY: number; shape: string; }'.
src/actions/waiter.ts(259,21): error TS2339: Property 'qrCode' does not exist on type '{ number: number; id: string; createdAt: Date; updatedAt: Date; restaurantId: string; publicCode: string; capacity: number; qrVersion: number; status: string; posX: number; posY: number; shape: string; }'.
src/actions/waiter.ts(270,19): error TS2339: Property 'orders' does not exist on type '{ number: number; id: string; createdAt: Date; updatedAt: Date; restaurantId: string; publicCode: string; capacity: number; qrVersion: number; status: string; posX: number; posY: number; shape: string; }'.
src/actions/waiter.ts(270,31): error TS7006: Parameter 'order' implicitly has an 'any' type.
src/actions/waiter.ts(274,31): error TS7006: Parameter 'item' implicitly has an 'any' type.
src/actions/waiter.ts(309,14): error TS2353: Object literal may only specify known properties, and 'tableId' does not exist in type 'DiningSessionWhereInput'.
src/actions/waiter.ts(310,16): error TS2353: Object literal may only specify known properties, and 'createdAt' does not exist in type 'DiningSessionOrderByWithRelationInput | DiningSessionOrderByWithRelationInput[]'.
src/actions/waiter.ts(324,24): error TS2339: Property 'variants' does not exist on type '{ id: string; name: string; archivedAt: Date | null; createdAt: Date; updatedAt: Date; restaurantId: string; stationId: string | null; categoryId: string; taxGroupId: string | null; ... 8 more ...; lowStockThreshold: number | null; }'.
src/actions/waiter.ts(336,19): error TS2339: Property 'price' does not exist on type '{ id: string; name: string; archivedAt: Date | null; createdAt: Date; updatedAt: Date; restaurantId: string; stationId: string | null; categoryId: string; taxGroupId: string | null; ... 8 more ...; lowStockThreshold: number | null; }'.
src/actions/waiter.ts(346,9): error TS2322: Type '{ menuItemId: string; quantity: number; notes: string | null; variantName: string | null; priceAtTime: number; sessionId: string; }[]' is not assignable to type '(Without<OrderItemCreateWithoutOrderInput, OrderItemUncheckedCreateWithoutOrderInput> & OrderItemUncheckedCreateWithoutOrderInput) | (Without<...> & OrderItemCreateWithoutOrderInput) | OrderItemCreateWithoutOrderInput[] | OrderItemUncheckedCreateWithoutOrderInput[] | undefined'.
  Type '{ menuItemId: string; quantity: number; notes: string | null; variantName: string | null; priceAtTime: number; sessionId: string; }[]' is not assignable to type 'OrderItemCreateWithoutOrderInput[]'.
    Type '{ menuItemId: string; quantity: number; notes: string | null; variantName: string | null; priceAtTime: number; sessionId: string; }' is missing the following properties from type 'OrderItemCreateWithoutOrderInput': itemNameSnapshot, taxRateBpsSnapshot, unitPriceCents, subtotalCents, and 2 more.
src/actions/waiter.ts(364,15): error TS2353: Object literal may only specify known properties, and 'qrCode' does not exist in type 'DiningTableSelect<DefaultArgs>'.
src/actions/waiter.ts(366,60): error TS2339: Property 'qrCode' does not exist on type '{ number: number; id: string; createdAt: Date; updatedAt: Date; restaurantId: string; publicCode: string; capacity: number; qrVersion: number; status: string; posX: number; posY: number; shape: string; }'.
src/actions/waiter.ts(395,38): error TS2339: Property 'variants' does not exist on type '{ category: { id: string; name: string; archivedAt: Date | null; createdAt: Date; updatedAt: Date; restaurantId: string; order: number; taxGroupId: string | null; templateCategoryId: string | null; }; } & { ...; }'.
src/app/api/mesa/join-proof/route.ts(40,45): error TS2339: Property 'qrCode' does not exist on type '{ number: number; id: string; createdAt: Date; updatedAt: Date; restaurantId: string; publicCode: string; capacity: number; qrVersion: number; status: string; posX: number; posY: number; shape: string; }'.
src/app/api/mesa/join-proof/route.ts(44,64): error TS2339: Property 'qrCode' does not exist on type '{ number: number; id: string; createdAt: Date; updatedAt: Date; restaurantId: string; publicCode: string; capacity: number; qrVersion: number; status: string; posX: number; posY: number; shape: string; }'.
src/app/api/mesa/join-proof/route.ts(51,36): error TS2339: Property 'qrCode' does not exist on type '{ number: number; id: string; createdAt: Date; updatedAt: Date; restaurantId: string; publicCode: string; capacity: number; qrVersion: number; status: string; posX: number; posY: number; shape: string; }'.
src/app/dashboard/menu/page.tsx(13,53): error TS2322: Type '{ categoryName: string; variants: never[]; id: string; restaurantId: string; taxGroupId: string | null; name: string; archivedAt: Date | null; createdAt: Date; updatedAt: Date; ... 10 more ...; lowStockThreshold: number | null; }[]' is not assignable to type 'MenuItemDB[]'.
  Type '{ categoryName: string; variants: never[]; id: string; restaurantId: string; taxGroupId: string | null; name: string; archivedAt: Date | null; createdAt: Date; updatedAt: Date; ... 10 more ...; lowStockThreshold: number | null; }' is missing the following properties from type 'MenuItemDB': price, station
src/app/mesa/[codigo]/cuenta/page.tsx(206,55): error TS2339: Property 'qrCode' does not exist on type '{ number: number; id: string; createdAt: Date; updatedAt: Date; restaurantId: string; publicCode: string; capacity: number; qrVersion: number; status: string; posX: number; posY: number; shape: string; }'.
src/app/mesa/[codigo]/cuenta/page.tsx(210,41): error TS2339: Property 'qrCode' does not exist on type '{ number: number; id: string; createdAt: Date; updatedAt: Date; restaurantId: string; publicCode: string; capacity: number; qrVersion: number; status: string; posX: number; posY: number; shape: string; }'.
src/app/mesa/[codigo]/cuenta/page.tsx(224,26): error TS2339: Property 'qrCode' does not exist on type '{ number: number; id: string; createdAt: Date; updatedAt: Date; restaurantId: string; publicCode: string; capacity: number; qrVersion: number; status: string; posX: number; posY: number; shape: string; }'.
src/app/mesa/[codigo]/menu/page.tsx(62,55): error TS2339: Property 'qrCode' does not exist on type '{ number: number; id: string; createdAt: Date; updatedAt: Date; restaurantId: string; publicCode: string; capacity: number; qrVersion: number; status: string; posX: number; posY: number; shape: string; }'.
src/app/mesa/[codigo]/menu/page.tsx(74,26): error TS2339: Property 'qrCode' does not exist on type '{ number: number; id: string; createdAt: Date; updatedAt: Date; restaurantId: string; publicCode: string; capacity: number; qrVersion: number; status: string; posX: number; posY: number; shape: string; }'.
src/app/mesa/[codigo]/menu/page.tsx(75,30): error TS2339: Property 'qrCode' does not exist on type '{ number: number; id: string; createdAt: Date; updatedAt: Date; restaurantId: string; publicCode: string; capacity: number; qrVersion: number; status: string; posX: number; posY: number; shape: string; }'.
src/app/mesa/[codigo]/menu/page.tsx(97,26): error TS2339: Property 'qrCode' does not exist on type '{ number: number; id: string; createdAt: Date; updatedAt: Date; restaurantId: string; publicCode: string; capacity: number; qrVersion: number; status: string; posX: number; posY: number; shape: string; }'.
src/app/mesa/[codigo]/menu/page.tsx(101,9): error TS2322: Type '{ categoryName: string; variants: never[]; id: string; name: string; archivedAt: Date | null; createdAt: Date; updatedAt: Date; restaurantId: string; stationId: string | null; ... 10 more ...; lowStockThreshold: number | null; }[]' is not assignable to type 'MenuItem[]'.
  Property 'price' is missing in type '{ categoryName: string; variants: never[]; id: string; name: string; archivedAt: Date | null; createdAt: Date; updatedAt: Date; restaurantId: string; stationId: string | null; categoryId: string; ... 9 more ...; lowStockThreshold: number | null; }' but required in type 'MenuItem'.
src/app/mesa/[codigo]/page.tsx(40,17): error TS2353: Object literal may only specify known properties, and 'isActive' does not exist in type 'DiningSessionSelect<DefaultArgs>'.
src/app/mesa/[codigo]/page.tsx(43,24): error TS2339: Property 'isActive' does not exist on type '{ id: string; updatedAt: Date; restaurantId: string; status: string; closedAt: Date | null; joinCode: string; openedByUserId: string; closedByUserId: string | null; accessCodeHash: string; ... 5 more ...; settledAt: Date | null; }'.
src/app/mesa/[codigo]/page.tsx(50,18): error TS2353: Object literal may only specify known properties, and 'tableId' does not exist in type 'DiningSessionWhereInput'.
src/app/mesa/[codigo]/page.tsx(66,55): error TS2339: Property 'qrCode' does not exist on type '{ number: number; id: string; createdAt: Date; updatedAt: Date; restaurantId: string; publicCode: string; capacity: number; qrVersion: number; status: string; posX: number; posY: number; shape: string; }'.
src/components/chain/ZoneAuthGuard.tsx(55,56): error TS2339: Property 'token' does not exist on type '{ success: boolean; error: string; }'.
src/components/dashboard/DashboardOverview.tsx(20,8): error TS2307: Cannot find module '@phosphor-icons/react' or its corresponding type declarations.
src/components/dashboard/FloorMap.tsx(166,23): error TS7053: Element implicitly has an 'any' type because expression of type 'string' can't be used to index type 'Record<TableStatus, string>'.
  No index signature with a parameter of type 'string' was found on type 'Record<TableStatus, string>'.
src/components/dashboard/FloorMap.tsx(167,23): error TS7053: Element implicitly has an 'any' type because expression of type 'string' can't be used to index type 'Record<TableStatus, string>'.
  No index signature with a parameter of type 'string' was found on type 'Record<TableStatus, string>'.
src/components/dashboard/FloorMap.tsx(862,33): error TS7053: Element implicitly has an 'any' type because expression of type 'string' can't be used to index type 'Record<TableStatus, string>'.
  No index signature with a parameter of type 'string' was found on type 'Record<TableStatus, string>'.
src/components/dashboard/FloorMap.tsx(864,18): error TS7053: Element implicitly has an 'any' type because expression of type 'string' can't be used to index type 'Record<TableStatus, string>'.
  No index signature with a parameter of type 'string' was found on type 'Record<TableStatus, string>'.
src/components/dashboard/FloorMap.tsx(870,32): error TS2339: Property 'qrCode' does not exist on type 'FloorMapTable'.
src/components/dashboard/FloorMap.tsx(893,82): error TS2339: Property 'qrCode' does not exist on type 'FloorMapTable'.
src/components/dashboard/FloorMap.tsx(923,82): error TS2339: Property 'qrCode' does not exist on type 'FloorMapTable'.
src/components/dashboard/MenuEditor.tsx(235,16): error TS2345: Argument of type '(prev: MenuItemDB[]) => (MenuItemDB | { categoryName: string; variants: Variant[]; id: string; restaurantId: string; taxGroupId: string | null; name: string; ... 13 more ...; lowStockThreshold: number | null; })[]' is not assignable to parameter of type 'SetStateAction<MenuItemDB[]>'.
  Type '(prev: MenuItemDB[]) => (MenuItemDB | { categoryName: string; variants: Variant[]; id: string; restaurantId: string; taxGroupId: string | null; name: string; ... 13 more ...; lowStockThreshold: number | null; })[]' is not assignable to type '(prevState: MenuItemDB[]) => MenuItemDB[]'.
    Type '(MenuItemDB | { categoryName: string; variants: Variant[]; id: string; restaurantId: string; taxGroupId: string | null; name: string; archivedAt: Date | null; ... 12 more ...; lowStockThreshold: number | null; })[]' is not assignable to type 'MenuItemDB[]'.
      Type 'MenuItemDB | { categoryName: string; variants: Variant[]; id: string; restaurantId: string; taxGroupId: string | null; name: string; archivedAt: Date | null; ... 12 more ...; lowStockThreshold: number | null; }' is not assignable to type 'MenuItemDB'.
        Type '{ categoryName: string; variants: Variant[]; id: string; restaurantId: string; taxGroupId: string | null; name: string; archivedAt: Date | null; createdAt: Date; updatedAt: Date; ... 10 more ...; lowStockThreshold: number | null; }' is missing the following properties from type 'MenuItemDB': price, station
src/components/dashboard/StaffManager.tsx(117,31): error TS2339: Property 'pin' does not exist on type 'Staff'.
src/components/dashboard/StaffManager.tsx(202,19): error TS2353: Object literal may only specify known properties, and 'restaurantId' does not exist in type 'Staff'.
src/components/dashboard/StaffManager.tsx(214,18): error TS2345: Argument of type '(prev: Staff[]) => (void | Staff)[]' is not assignable to parameter of type 'SetStateAction<Staff[]>'.
  Type '(prev: Staff[]) => (void | Staff)[]' is not assignable to type '(prevState: Staff[]) => Staff[]'.
    Type '(void | Staff)[]' is not assignable to type 'Staff[]'.
      Type 'void | Staff' is not assignable to type 'Staff'.
        Type 'void' is not assignable to type 'Staff'.
src/components/dashboard/TableManagerClient.tsx(161,13): error TS2339: Property 'qrCode' does not exist on type 'Table'.
src/components/dashboard/TableManagerClient.tsx(456,38): error TS7053: Element implicitly has an 'any' type because expression of type 'string' can't be used to index type 'Record<TableStatus, { text: string; bg: string; border: string; }>'.
  No index signature with a parameter of type 'string' was found on type 'Record<TableStatus, { text: string; bg: string; border: string; }>'.
src/components/dashboard/TableManagerClient.tsx(484,28): error TS7053: Element implicitly has an 'any' type because expression of type 'string' can't be used to index type 'Record<TableStatus, string>'.
  No index signature with a parameter of type 'string' was found on type 'Record<TableStatus, string>'.
src/components/dashboard/TableManagerClient.tsx(490,115): error TS2339: Property 'qrCode' does not exist on type 'Table'.
src/components/waiter/WaiterMobileFloorMap.tsx(120,17): error TS7053: Element implicitly has an 'any' type because expression of type 'string' can't be used to index type 'Record<TableStatus, string>'.
  No index signature with a parameter of type 'string' was found on type 'Record<TableStatus, string>'.
src/components/waiter/WaiterMobileFloorMap.tsx(121,16): error TS7053: Element implicitly has an 'any' type because expression of type 'string' can't be used to index type 'Record<TableStatus, string>'.
  No index signature with a parameter of type 'string' was found on type 'Record<TableStatus, string>'.
src/components/waiter/WaiterMobileFloorMap.tsx(122,18): error TS7053: Element implicitly has an 'any' type because expression of type 'string' can't be used to index type 'Record<TableStatus, string>'.
  No index signature with a parameter of type 'string' was found on type 'Record<TableStatus, string>'.
src/components/waiter/WaiterMobileFloorMap.tsx(123,16): error TS7053: Element implicitly has an 'any' type because expression of type 'string' can't be used to index type 'Record<TableStatus, string>'.
  No index signature with a parameter of type 'string' was found on type 'Record<TableStatus, string>'.
src/components/waiter/WaiterMobileFloorMap.tsx(163,45): error TS7053: Element implicitly has an 'any' type because expression of type 'string' can't be used to index type 'Record<TableStatus, string>'.
  No index signature with a parameter of type 'string' was found on type 'Record<TableStatus, string>'.
src/components/waiter/WaiterMobileFloorMap.tsx(265,12): error TS7053: Element implicitly has an 'any' type because expression of type 'string' can't be used to index type 'Record<TableStatus, string>'.
  No index signature with a parameter of type 'string' was found on type 'Record<TableStatus, string>'.
src/components/waiter/WaiterTakeOrder.tsx(60,34): error TS2345: Argument of type '(it: MenuItem) => { variants: { name: string; price: number; }[]; id: string; name: string; description: string | null; price: number; imageUrl: string | null; categoryId: string; }' is not assignable to parameter of type '(value: { variants: MenuVariant[]; category: { id: string; name: string; archivedAt: Date | null; createdAt: Date; updatedAt: Date; restaurantId: string; order: number; taxGroupId: string | null; templateCategoryId: string | null; }; ... 17 more ...; lowStockThreshold: number | null; }, index: number, array: { ...; ...'.
  Types of parameters 'it' and 'value' are incompatible.
    Property 'price' is missing in type '{ variants: MenuVariant[]; category: { id: string; name: string; archivedAt: Date | null; createdAt: Date; updatedAt: Date; restaurantId: string; order: number; taxGroupId: string | null; templateCategoryId: string | null; }; ... 17 more ...; lowStockThreshold: number | null; }' but required in type 'MenuItem'.
src/lib/guest-table-access.ts(49,7): error TS2353: Object literal may only specify known properties, and 'diningSessionTables' does not exist in type 'DiningSessionInclude<DefaultArgs>'.
src/lib/guest-table-access.ts(54,33): error TS2339: Property 'diningSessionTables' does not exist on type '{ id: string; updatedAt: Date; restaurantId: string; status: string; closedAt: Date | null; joinCode: string; openedByUserId: string; closedByUserId: string | null; accessCodeHash: string; ... 5 more ...; settledAt: Date | null; }'.
src/lib/guest-table-access.ts(67,32): error TS2339: Property 'guests' does not exist on type '{ id: string; updatedAt: Date; restaurantId: string; status: string; closedAt: Date | null; joinCode: string; openedByUserId: string; closedByUserId: string | null; accessCodeHash: string; ... 5 more ...; settledAt: Date | null; }'.
src/lib/guest-table-access.ts(67,45): error TS7006: Parameter 'g' implicitly has an 'any' type.
src/lib/guest-table-access.ts(67,74): error TS2339: Property 'guests' does not exist on type '{ id: string; updatedAt: Date; restaurantId: string; status: string; closedAt: Date | null; joinCode: string; openedByUserId: string; closedByUserId: string | null; accessCodeHash: string; ... 5 more ...; settledAt: Date | null; }'.
src/lib/guest-table-access.ts(76,49): error TS2339: Property 'guests' does not exist on type '{ id: string; updatedAt: Date; restaurantId: string; status: string; closedAt: Date | null; joinCode: string; openedByUserId: string; closedByUserId: string | null; accessCodeHash: string; ... 5 more ...; settledAt: Date | null; }'.
src/lib/guest-table-access.ts(122,7): error TS2353: Object literal may only specify known properties, and 'diningSessionTables' does not exist in type 'DiningSessionInclude<DefaultArgs>'.
src/lib/guest-table-access.ts(127,33): error TS2339: Property 'diningSessionTables' does not exist on type '{ id: string; updatedAt: Date; restaurantId: string; status: string; closedAt: Date | null; joinCode: string; openedByUserId: string; closedByUserId: string | null; accessCodeHash: string; ... 5 more ...; settledAt: Date | null; }'.
src/lib/guest-table-access.ts(138,25): error TS2339: Property 'guests' does not exist on type '{ id: string; updatedAt: Date; restaurantId: string; status: string; closedAt: Date | null; joinCode: string; openedByUserId: string; closedByUserId: string | null; accessCodeHash: string; ... 5 more ...; settledAt: Date | null; }'.
src/lib/guest-table-access.ts(138,38): error TS7006: Parameter 'g' implicitly has an 'any' type.
